// Jest Snapshot v1, https://goo.gl/fbAQLP

exports[`actionToIpcAction worx 1`] = `
Object {
  "actionProps": Object {
    "url": "url",
  },
  "actionType": "DETAIL_REPO_START",
}
`;
